á=Α=a=á
à=Β=a=
ả=Γ=a=ä
ã=Δ=a=
ạ=Ε=a=å
ă=Ζ=a=Ï
ắ=Η=a=§
ằ=Θ=a=©
ẳ=Ι=a=ª
ẵ=Κ=a=«
ặ=Λ=a=¬
â=Μ=a=â
ấ=Ν=a=¢
ầ=Ξ=a=£
ẩ=Ο=a=¤
ẫ=Π=a=¥
ậ=Ρ=a=¦
đ=Σ=d=ß
é=Τ=e=
è=Υ=e=
ẻ=Φ=e=ë
ẽ=Χ=e=æ
ẹ=Ψ=e=ç
ê=Ω=e=ê
ế=α=e=®
ề=β=e=¯
ể=γ=e=°
ễ=δ=e=±
ệ=ε=e=²
í=ζ=i=í
ì=η=i=þ
ỉ=θ=i=ï
ĩ=ι=i=×
ị=κ=i=î
ó=λ=o=
ò=μ=o=
ỏ=ν=o=ö
õ=ξ=o=õ
ọ=ο=o=ñ
ô=π=o=ô
ố=ρ=o=³
ồ=σ=o=µ
ổ=τ=o=¶
ỗ=υ=o=·
ộ=φ=o=¸
ơ=χ=o=Î
ớ=ψ=o=¹
ờ=ω=o=º
ở=А=o=»
ỡ=Б=o=¼
ợ=В=o=½
ú=Г=u=ú
ù=Д=u=
ủ=Е=u=ü
ũ=Ё=u=ø
ụ=Ж=u=û
ư=З=u=Þ
ứ=И=u=¾
ừ=Й=u=¿
ử=К=u=Æ
ữ=Л=u=÷
ự=М=u=ð
ý=Н=y=ý
ỳ=О=y=
ỷ=П=y=ÿ
ỹ=Р=y=Ø
ỵ=С=y=
Á=Т=A=Á
À=У=A=
Ả=Ф=A=
Ã=Х=A=
Ạ=Ц=A=
Ă=Ч=A=
Ắ=Ш=A=
Ằ=Щ=A=
Ẳ=Ъ=A=
Ẵ=Ы=A=
Ặ=Ь=A=
Â=Э=A=
Ấ=Ю=A=
Ầ=Я=A=
Ẩ=а=A=
Ẫ=б=A=
Ậ=в=A=
Đ=г=D=Ð
É=д=E=
È=е=E=
Ẻ=ё=E=
Ẽ=ж=E=
Ẹ=з=E=
Ê=и=E=
Ế=й=E=
Ề=к=E=
Ể=л=E=
Ễ=м=E=
Ệ=н=E=
Í=о=I=
Ì=п=I=
Ỉ=р=I=
Ĩ=с=I=
Ị=т=I=
Ó=у=O=
Ò=ф=O=
Ỏ=х=O=
Õ=ц=O=
Ọ=ч=O=
Ô=ш=O=
Ố=щ=O=
Ồ=ъ=O=
Ổ=ы=O=
Ỗ=ь=O=
Ộ=э=O=
Ơ=ю=O=¡
Ớ=я=O=
Ờ=ヽ=O=
Ở=ヾ=O=Ö
Ỡ=ゝ=O=
Ợ=ゞ=O=
Ú=〃=U=
Ù=仝=U=
Ủ=々=U=
Ũ=〆=U=
Ụ=∈=U=
Ư=∋=U=
Ứ=⊆=U=Ü
Ừ=⊇=U=Ç
Ử=⊂=U=
Ữ=⊃=U=
Ự=┣=U=
Ý=┳=Y=
Ỳ=┫=Y=
Ỷ=┻=Y=
Ỹ=╋=Y=
Ỵ=┠=Y=